[2026-03-12 14:39:31] REQUEST #1 | use_llm=True | 40ms | 1 block
INPUT (29 chars):
  data out; set in; x = 1; run;
OUTPUT (620 chars):
  # =============================================================
  # Script generato automaticamente da convert_engine.py
  # SAS → PySpark  |  2026-03-03
  # Richiede : PySpark, delta (opzionale)
  # =============================================================
  from pyspark.sql import SparkSession
  from pyspark.sql import functions as F
  from pyspark.sql.types import (
      StructType, StructField,
      StringType, LongType, DoubleType, DateType, TimestampType
  )
  from pyspark.sql.window import Window
  
  spark 
    ...[truncated — 620 chars total]
---
[2026-03-12 14:42:56] REQUEST #3 | use_llm=True | 15809ms | 1 block
INPUT (65 chars):
  data out; set in; retain cumsum 0; cumsum = cumsum + amount; run;
OUTPUT (899 chars):
  # =============================================================
  # Script generato automaticamente da convert_engine.py
  # SAS → PySpark  |  2026-03-03
  # Richiede : PySpark, delta (opzionale)
  # =============================================================
  from pyspark.sql import SparkSession
  from pyspark.sql import functions as F
  from pyspark.sql.types import (
      StructType, StructField,
      StringType, LongType, DoubleType, DateType, TimestampType
  )
  from pyspark.sql.window import Window
  
  spark 
    ...[truncated — 899 chars total]
---
[2026-03-12 14:47:32] REQUEST #4 | use_llm=False | 49ms | 4 blocks
INPUT (318 chars):
  options mprint;
  
  %macro confronto(var, tab);
  
  proc sort data=&tab;
  by &var;
  run;
  
  proc sort data=sql_&tab;
  by &var;
  run;
  
  title HASH;
  
  proc print data=&tab (OBS=10);
  run;
  
  title SQL;
  proc print data=sql_&tab (OBS=10);
  run;
  
  %mend;
  
  %confronto(var =  SUM_of_Importo1, tab = QUERY_FOR_RECUPERI_NV)
OUTPUT (1026 chars):
  # =============================================================
  # Script generato automaticamente da convert_engine.py
  # SAS → PySpark  |  2026-03-03
  # Richiede : PySpark, delta (opzionale)
  # =============================================================
  from pyspark.sql import SparkSession
  from pyspark.sql import functions as F
  from pyspark.sql.types import (
      StructType, StructField,
      StringType, LongType, DoubleType, DateType, TimestampType
  )
  from pyspark.sql.window import Window
  
  spark 
    ...[truncated — 1026 chars total]
---
[2026-03-12 14:47:41] REQUEST #5 | use_llm=True | 24ms | 4 blocks
INPUT (318 chars):
  options mprint;
  
  %macro confronto(var, tab);
  
  proc sort data=&tab;
  by &var;
  run;
  
  proc sort data=sql_&tab;
  by &var;
  run;
  
  title HASH;
  
  proc print data=&tab (OBS=10);
  run;
  
  title SQL;
  proc print data=sql_&tab (OBS=10);
  run;
  
  %mend;
  
  %confronto(var =  SUM_of_Importo1, tab = QUERY_FOR_RECUPERI_NV)
OUTPUT (1026 chars):
  # =============================================================
  # Script generato automaticamente da convert_engine.py
  # SAS → PySpark  |  2026-03-03
  # Richiede : PySpark, delta (opzionale)
  # =============================================================
  from pyspark.sql import SparkSession
  from pyspark.sql import functions as F
  from pyspark.sql.types import (
      StructType, StructField,
      StringType, LongType, DoubleType, DateType, TimestampType
  )
  from pyspark.sql.window import Window
  
  spark 
    ...[truncated — 1026 chars total]
---
[2026-03-12 14:48:13] REQUEST #6 | use_llm=True | 23ms | 4 blocks
INPUT (318 chars):
  options mprint;
  
  %macro confronto(var, tab);
  
  proc sort data=&tab;
  by &var;
  run;
  
  proc sort data=sql_&tab;
  by &var;
  run;
  
  title HASH;
  
  proc print data=&tab (OBS=10);
  run;
  
  title SQL;
  proc print data=sql_&tab (OBS=10);
  run;
  
  %mend;
  
  %confronto(var =  SUM_of_Importo1, tab = QUERY_FOR_RECUPERI_NV)
OUTPUT (1026 chars):
  # =============================================================
  # Script generato automaticamente da convert_engine.py
  # SAS → PySpark  |  2026-03-03
  # Richiede : PySpark, delta (opzionale)
  # =============================================================
  from pyspark.sql import SparkSession
  from pyspark.sql import functions as F
  from pyspark.sql.types import (
      StructType, StructField,
      StringType, LongType, DoubleType, DateType, TimestampType
  )
  from pyspark.sql.window import Window
  
  spark 
    ...[truncated — 1026 chars total]
---
[2026-03-12 14:48:25] REQUEST #7 | use_llm=True | 23ms | 4 blocks
INPUT (318 chars):
  options mprint;
  
  %macro confronto(var, tab);
  
  proc sort data=&tab;
  by &var;
  run;
  
  proc sort data=sql_&tab;
  by &var;
  run;
  
  title HASH;
  
  proc print data=&tab (OBS=10);
  run;
  
  title SQL;
  proc print data=sql_&tab (OBS=10);
  run;
  
  %mend;
  
  %confronto(var =  SUM_of_Importo1, tab = QUERY_FOR_RECUPERI_NV)
OUTPUT (1026 chars):
  # =============================================================
  # Script generato automaticamente da convert_engine.py
  # SAS → PySpark  |  2026-03-03
  # Richiede : PySpark, delta (opzionale)
  # =============================================================
  from pyspark.sql import SparkSession
  from pyspark.sql import functions as F
  from pyspark.sql.types import (
      StructType, StructField,
      StringType, LongType, DoubleType, DateType, TimestampType
  )
  from pyspark.sql.window import Window
  
  spark 
    ...[truncated — 1026 chars total]
---
[2026-03-12 14:49:02] REQUEST #8 | use_llm=False | 25ms | 4 blocks
INPUT (318 chars):
  options mprint;
  
  %macro confronto(var, tab);
  
  proc sort data=&tab;
  by &var;
  run;
  
  proc sort data=sql_&tab;
  by &var;
  run;
  
  title HASH;
  
  proc print data=&tab (OBS=10);
  run;
  
  title SQL;
  proc print data=sql_&tab (OBS=10);
  run;
  
  %mend;
  
  %confronto(var =  SUM_of_Importo1, tab = QUERY_FOR_RECUPERI_NV)
OUTPUT (1026 chars):
  # =============================================================
  # Script generato automaticamente da convert_engine.py
  # SAS → PySpark  |  2026-03-03
  # Richiede : PySpark, delta (opzionale)
  # =============================================================
  from pyspark.sql import SparkSession
  from pyspark.sql import functions as F
  from pyspark.sql.types import (
      StructType, StructField,
      StringType, LongType, DoubleType, DateType, TimestampType
  )
  from pyspark.sql.window import Window
  
  spark 
    ...[truncated — 1026 chars total]
---
[2026-03-12 14:49:37] REQUEST #9 | use_llm=True | 23ms | 4 blocks
INPUT (318 chars):
  options mprint;
  
  %macro confronto(var, tab);
  
  proc sort data=&tab;
  by &var;
  run;
  
  proc sort data=sql_&tab;
  by &var;
  run;
  
  title HASH;
  
  proc print data=&tab (OBS=10);
  run;
  
  title SQL;
  proc print data=sql_&tab (OBS=10);
  run;
  
  %mend;
  
  %confronto(var =  SUM_of_Importo1, tab = QUERY_FOR_RECUPERI_NV)
OUTPUT (1026 chars):
  # =============================================================
  # Script generato automaticamente da convert_engine.py
  # SAS → PySpark  |  2026-03-03
  # Richiede : PySpark, delta (opzionale)
  # =============================================================
  from pyspark.sql import SparkSession
  from pyspark.sql import functions as F
  from pyspark.sql.types import (
      StructType, StructField,
      StringType, LongType, DoubleType, DateType, TimestampType
  )
  from pyspark.sql.window import Window
  
  spark 
    ...[truncated — 1026 chars total]
---
[2026-03-12 14:55:09] REQUEST #10 | use_llm=True | 295362ms | 11 blocks
INPUT (6169 chars):
  option mlogic;
  data  join1;
  	length  Unita_Org_Comp_Desc $256.
  			Codice 8
  			Prodotto_CODE    $ 24
  			Event_Type_CODE  $ 24;
  
  	if _n_=0 then
  		set QUERY_FOR_RECUPERI2(keep=
              Data_Creazione
  			Importo
  			id_WF_Status_CODE
  			evento_recod
  			Data_Contabilizzazione
  		);
  
  	if _n_=1 then
  		do;
  			declare hash T2(hashexp:7, dataset:'dati_dw.eventi (where=(
  				%_eg_WhereParam( VALID_FROM_DTTM, Prompt_data, LE, TYPE=DT, IS_EXPLICIT=0 ) AND 
  				%_eg_WhereParam( VALID_TO_
    ...[truncated — 6169 chars total]
OUTPUT (4997 chars):
  # =============================================================
  # Script generato automaticamente da convert_engine.py
  # SAS → PySpark  |  2026-03-03
  # Richiede : PySpark, delta (opzionale)
  # =============================================================
  from pyspark.sql import SparkSession
  from pyspark.sql import functions as F
  from pyspark.sql.types import (
      StructType, StructField,
      StringType, LongType, DoubleType, DateType, TimestampType
  )
  from pyspark.sql.window import Window
  
  spark 
    ...[truncated — 4997 chars total]
---
